// Vitest Snapshot v1, https://vitest.dev/guide/snapshot.html

exports[`TaskListHeader Component > matches snapshot for completed active tab 1`] = `
<DocumentFragment>
  <div
    aria-label="Task status tabs"
    role="tablist"
    style="width: 100%; height: 53px; display: flex; justify-content: space-evenly; align-items: center; background-color: rgb(37, 37, 37); border-top-left-radius: 16px; border-top-right-radius: 16px;"
  >
    <button
      aria-controls="inProgress-tabpanel"
      aria-selected="false"
      role="tab"
      style="padding: 0px 25px; color: rgb(255, 255, 255); position: relative; cursor: pointer; background: none; font-family: inherit;"
    >
      In Progress
    </button>
    <button
      aria-controls="completed-tabpanel"
      aria-selected="true"
      role="tab"
      style="padding: 0px 25px; color: rgb(255, 245, 50); position: relative; cursor: pointer; background: none; font-family: inherit;"
    >
      Completed
      <div
        aria-hidden="true"
        style="position: absolute; bottom: -8px; left: 0px; width: 100%; height: 2px; background-color: rgb(255, 245, 50);"
      />
    </button>
  </div>
</DocumentFragment>
`;

exports[`TaskListHeader Component > matches snapshot for inProgress active tab 1`] = `
<DocumentFragment>
  <div
    aria-label="Task status tabs"
    role="tablist"
    style="width: 100%; height: 53px; display: flex; justify-content: space-evenly; align-items: center; background-color: rgb(37, 37, 37); border-top-left-radius: 16px; border-top-right-radius: 16px;"
  >
    <button
      aria-controls="inProgress-tabpanel"
      aria-selected="true"
      role="tab"
      style="padding: 0px 25px; color: rgb(255, 245, 50); position: relative; cursor: pointer; background: none; font-family: inherit;"
    >
      In Progress
      <div
        aria-hidden="true"
        style="position: absolute; bottom: -8px; left: 0px; width: 100%; height: 2px; background-color: rgb(255, 245, 50);"
      />
    </button>
    <button
      aria-controls="completed-tabpanel"
      aria-selected="false"
      role="tab"
      style="padding: 0px 25px; color: rgb(255, 255, 255); position: relative; cursor: pointer; background: none; font-family: inherit;"
    >
      Completed
    </button>
  </div>
</DocumentFragment>
`;
